Request missing user_id or password.
Request missing user_id or password.
Request missing user_id or password.
Request missing user_id or password.
Request missing user_id or password.
[2025-02-17 14:20:52] - Fichier de configuration manquant.
[2025-02-17 14:20:52] - Fichier de configuration manquant.
[2025-02-17 14:20:52] - Fichier de configuration manquant.
[2025-02-17 14:20:52] - Fichier de configuration manquant.
